[dotenv@17.2.2] injecting env (15) from .env -- tip: ЁЯФР encrypt with Dotenvx: https://dotenvx.com
[32m[2025-10-03T06:49:13.975Z] [INFO] *** ╨е╨╡╤И f1: <3d44a4f94e14b151ddfce48d5b047d1b5b47bbc07ddfb4980296e177453b7119>[0m
[32m[2025-10-03T06:49:13.981Z] [INFO] *** ╨е╨╡╤И f2: <9fc9fc4ff4620d5c4ffcfe7e7047e854971aa3a2f9a067c85e0bfef624046cd9>[0m
[32m[2025-10-03T06:49:13.981Z] [INFO] *** ╨е╨╡╤И f3: <5f430702f22fc7c148f715ead5bd1df7b2ccd9ac1b1d54076063965c5153ca34>[0m
[32m[2025-10-03T06:49:13.981Z] [INFO] *** ╨е╨╡╤И f4: <223d04c3cf66071f7249b22b64bc9d70074a45358451f71dab1a20d786713165>[0m
[32m[2025-10-03T06:49:13.982Z] [INFO] *** ╨е╨╡╤И f5: <a0fc91f2c3b80325ffd09febfe58e2e9dc5c83cd867ce9ab6cf5facefd6411e8>[0m
[32m[2025-10-03T06:49:13.983Z] [INFO] *** ╨е╨╡╤И f6: <bb0023bb1d2082be65f3fbe7a95f7926d41da16b19de18ff8832ee9ede9e0027>[0m
[32m[2025-10-03T06:49:13.983Z] [INFO] *** ╨е╨╡╤И f7: <e64301d6f9fa218cff3f2d9697587bc841f2fc683ce64a6df0a3a66663fb4d8f>[0m
[32m[2025-10-03T06:49:13.984Z] [INFO] *** ╨е╨╡╤И f8: <5a4a9d00bad8d223817765cc36298677c104fca9164329ccb3b03dcfade26fcd>[0m
[32m[2025-10-03T06:49:13.985Z] [INFO] *** ╨е╨╡╤И f9: <7df14eec2cba6d33541aabb13eb72645a39cde8c601fd9fce56f1f438cdb86d2>[0m
[32m[2025-10-03T06:49:13.986Z] [INFO] *** ╨е╨╡╤И f10: <1e1bcae876a8c564faaa5dda18c33f91f2af284c6a9faed855e2a89641d25758>[0m
[32m[2025-10-03T06:49:13.987Z] [INFO] *** ╨е╨╡╤И f11: <2d08728bb5d69b9f2487835a332c184412cc230d485357fff146cc4775e8586d>[0m
[32m[2025-10-03T06:49:13.987Z] [INFO] *** ╨е╨╡╤И f12: <ee929a1383c2a9cc5644530214b3a0fabf0803a773446cc3db139918100e39ad>[0m
[32m[2025-10-03T06:49:13.987Z] [INFO] *** ╨е╨╡╤И f13: <5a9cd1c67f125d6b0c911a49ffedfd4f12fc65a4448b9524f38044634dd36ae8>[0m
[32m[2025-10-03T06:49:13.987Z] [INFO] *** ╨е╨╡╤И f14: <2699a49f1aabc4b3ec86bd87017819ac9dac8148d52bdee533fd45c4891b71f6>[0m
[32m[2025-10-03T06:49:13.987Z] [INFO] *** ╨е╨╡╤И f15: <8f36e272e12fa685fa361992c1170f41e5776d5be6a514d1fd5dff68717edb35>[0m
[32m[2025-10-03T06:49:13.987Z] [INFO] *** ╨е╨╡╤И f16: <7b259c916f68b0bdbc71e3e2aa4651635c42893d83de953679a7f3f694096405>[0m
[32m[2025-10-03T06:49:13.988Z] [INFO] *** ╨е╨╡╤И f17: <15d69c37a5b5400008b4a572719886daa3bce0aa42bac2e928df49bff7e4b053>[0m
[32m[2025-10-03T06:49:13.988Z] [INFO] *** ╨е╨╡╤И f18: <a39f0e187873504d85ca4954106de9556d19df6bc84cd12c16caed057f00164f>[0m
[32m[2025-10-03T06:49:13.988Z] [INFO] *** ╨е╨╡╤И f19: <2c75ada49cb3e918c3631358f681686212ced5f236c8745a4d9dce1efe8c5941>[0m
[32m[2025-10-03T06:49:13.988Z] [INFO] *** ╨е╨╡╤И f20: <afce5cae1fac23de374c37aee4f265bd3b52080b80cd571d84e7acdf9e409213>[0m
[32m[2025-10-03T06:49:13.988Z] [INFO] *** ╨е╨╡╤И f21: <cfb3a4d83c2a47af9e2d93ae6e8aef3f5c563d7da9d08bc6784e0375cb35a3e9>[0m
[32m[2025-10-03T06:49:13.988Z] [INFO] *** ╨е╨╡╤И f22: <49a406912a40c96b6bca1230b43756add95a7b8924fb142fbfe3de163b57ac25>[0m
[32m[2025-10-03T06:49:13.988Z] [INFO] *** ╨е╨╡╤И f23: <4e7718c5708028249cbfdf1292476a171e32336a01b8b593bcae83ae995fd130>[0m
[32m[2025-10-03T06:49:13.988Z] [INFO] [0m
[32m[2025-10-03T06:49:17.225Z] [INFO] тЬУ ╨Ф╨╗╤П ╨║╨╛╨╗╨╗╨╡╨║╤Ж╨╕╨╕ factIndex ╤Б╨╛╨╖╨┤╨░╨╜ ╤И╨░╤А╨┤╨╕╤А╨╛╨▓╨░╨╜╨╜╤Л╨╣ ╨╕╨╜╨┤╨╡╨║╤Б: idx_h_i_unique[0m
[32m[2025-10-03T06:49:17.281Z] [INFO] тЬУ ╨Ф╨╗╤П ╨║╨╛╨╗╨╗╨╡╨║╤Ж╨╕╨╕ facts ╤Б╨╛╨╖╨┤╨░╨╜ ╤И╨░╤А╨┤╨╕╤А╨╛╨▓╨░╨╜╨╜╤Л╨╣ ╨╕╨╜╨┤╨╡╨║╤Б: idx_i_unique[0m
